// Jest Snapshot v1, https://goo.gl/fbAQLP

exports[`renders FormattedAmount 1`] = `
<div>
  <span>
    $12,345.67
  </span>
</div>
`;
