// Jest Snapshot v1, https://goo.gl/fbAQLP

exports[`renders Badge 1`] = `
<body>
  <span
    class="makeStyles-root-1 makeStyles-root-2"
  >
    Well done!
  </span>
</body>
`;
