// Jest Snapshot v1, https://goo.gl/fbAQLP

exports[`renders IncorrectLabelScan message 1`] = `
<div
  aria-hidden="true"
/>
`;
