// Jest Snapshot v1, https://goo.gl/fbAQLP

exports[`renders ImageDialog 1`] = `
<body
  style="padding-right: 0px; overflow: hidden;"
>
  <div
    class="MuiDialog-root"
    role="presentation"
    style="position: fixed; z-index: 1300; right: 0px; bottom: 0px; top: 0px; left: 0px;"
  >
    <div
      aria-hidden="true"
      class="MuiBackdrop-root"
      style="opacity: 1; webkit-transition: opacity 225ms cubic-bezier(0.4, 0, 0.2, 1) 0ms; transition: opacity 225ms cubic-bezier(0.4, 0, 0.2, 1) 0ms;"
    />
    <div
      data-test="sentinelStart"
      tabindex="0"
    />
    <div
      class="MuiDialog-container MuiDialog-scrollPaper"
      role="none presentation"
      style="opacity: 1; webkit-transition: opacity 225ms cubic-bezier(0.4, 0, 0.2, 1) 0ms; transition: opacity 225ms cubic-bezier(0.4, 0, 0.2, 1) 0ms;"
      tabindex="-1"
    >
      <div
        class="MuiPaper-root MuiDialog-paper MuiDialog-paperScrollPaper MuiDialog-paperWidthSm MuiPaper-elevation24 MuiPaper-rounded"
        role="dialog"
      >
        <div
          class="MuiDialogContent-root makeStyles-root-3"
        >
          <div
            class="makeStyles-imageContainer-1"
          >
            <img
              alt=""
              src="https://cdn0.woolworths.media/content/wowproductimages/medium/266869.jpg"
            />
          </div>
        </div>
        <div
          class="MuiDialogActions-root makeStyles-root-4 MuiDialogActions-spacing"
        >
          <button
            class="MuiButtonBase-root MuiButton-root MuiButton-outlined MuiButton-outlinedSecondary MuiButton-outlinedSizeLarge MuiButton-sizeLarge"
            tabindex="0"
            type="button"
          >
            <span
              class="MuiButton-label"
            >
              Close
            </span>
            <span
              class="MuiTouchRipple-root"
            />
          </button>
        </div>
      </div>
    </div>
    <div
      data-test="sentinelEnd"
      tabindex="0"
    />
  </div>
</body>
`;
