// Jest Snapshot v1, https://goo.gl/fbAQLP

exports[`renders Outlined Primary Button 1`] = `
<div>
  <button
    class="MuiButtonBase-root MuiButton-root MuiButton-contained MuiButton-containedPrimary MuiButton-containedSizeLarge MuiButton-sizeLarge MuiButton-fullWidth"
    tabindex="0"
    type="button"
  >
    <span
      class="MuiButton-label"
    >
      Start
    </span>
    <span
      class="MuiTouchRipple-root"
    />
  </button>
</div>
`;

exports[`renders Primary Button 1`] = `
<div>
  <button
    class="MuiButtonBase-root MuiButton-root MuiButton-contained MuiButton-containedPrimary MuiButton-containedSizeLarge MuiButton-sizeLarge MuiButton-fullWidth"
    tabindex="0"
    type="button"
  >
    <span
      class="MuiButton-label"
    >
      Start
    </span>
    <span
      class="MuiTouchRipple-root"
    />
  </button>
</div>
`;
