// Jest Snapshot v1, https://goo.gl/fbAQLP

exports[`renders Container 1`] = `
<div>
  <div
    class="MuiContainer-root makeStyles-root-1 MuiContainer-maxWidthLg"
  >
    Some content
  </div>
</div>
`;
